jMusic Play: Playing score One note score using JavaSound General MIDI soundbank.
jMusic Play: Waiting for the end of One note score.
jMusic MidiSynth: Stopped JavaSound MIDI playback
jMusic Play: Playing score One note score using JavaSound General MIDI soundbank.
jMusic Play: Waiting for the end of One note score.
jMusic MidiSynth: Stopped JavaSound MIDI playback
jMusic Play: Playing score One note score using JavaSound General MIDI soundbank.
jMusic Play: Waiting for the end of One note score.
jMusic MidiSynth: Stopped JavaSound MIDI playback
jMusic Play: Playing score One note score using JavaSound General MIDI soundbank.
jMusic Play: Waiting for the end of One note score.
jMusic MidiSynth: Stopped JavaSound MIDI playback
jMusic Play: Playing score One note score using JavaSound General MIDI soundbank.
jMusic Play: Waiting for the end of One note score.
jMusic MidiSynth: Stopped JavaSound MIDI playback