jMusic Play: Playing score Untitled Phrase score using JavaSound General MIDI soundbank.
jMusic Play: Waiting for the end of Untitled Phrase score.
jMusic MidiSynth: Stopped JavaSound MIDI playback