jMusic Play: Playing score Untitled Part score using JavaSound General MIDI soundbank.
jMusic Play: Waiting for the end of Untitled Part score.
jMusic MidiSynth: Stopped JavaSound MIDI playback