jMusic NOTE: [Pitch = 56][RhythmValue = 0.5][Dynamic = 85][Duration = 0.45][Pan = 0.5]