jMusic Play: Playing score Untitled Score using JavaSound General MIDI soundbank.
jMusic Play: Waiting for the end of Untitled Score.
jMusic MidiSynth: Stopped JavaSound MIDI playback