jMusic Play: Playing score Untitled Part copy score using JavaSound General MIDI soundbank.
jMusic Play: Waiting for the end of Untitled Part copy score.
jMusic MidiSynth: Stopped JavaSound MIDI playback