jMusic Play: Playing score Untitled Phrase copy copy score using JavaSound General MIDI soundbank.
jMusic Play: Waiting for the end of Untitled Phrase copy copy score.