#!/bin/bash
java -classpath ./javaclasses/jMusic1.6.4.jar:. marma
